Initialization: STShell 'basic' pack read.
Initialization: STShell 'statistics' pack read.
Initialization: STShell 'functional' pack read.
Initialization: STShell 'report' pack read.
Information: Current optimizer has been set to 'Parallel Pareto DoE optimizer - (parallel_doe_temp_database, parallel_doe_tempdb_granularity)'
Information: Current DoE has been set to 'Full search DoE'
Information: Creating test
Information: Loading test
Information: Assigned value [ "1000", "1009" ] to S1_bounds
Information: Assigned value [ "0", "9" ] to S2_bounds
Information: Assigned value [ "0", "9" ] to S3_bounds
Information: Assigned value [ "S1", "S2", "S3" ] to ds_parameters
Information: Assigned value [ "M1", "M2", "M3" ] to metrics
Information: Assigned value [ "1", "8" ] to ics_bounds
Information: Assigned value [ "8", "256" ] to ibs_bounds
Information: Assigned value [ "1", "16" ] to iw_bounds
Information: Assigned value 200.000000 to max_total_area
Information: Assigned value 50.000000 to min_total_area
Information: Assigned value "full_solution.db" to visited_solution
Information: Assigned value "total_energy" to metric1
Information: Assigned value "total_delay" to metric2
Information: Assigned value { "M1", "M3" } to pareto_metrics
Information: Assigned value 10 to parallel_doe_tempdb_granularity
Information: Generating full search DoE
Information: Database 'PDOE' created
Information: The current explorer analyzed 1000 points
Information: Assigned value 0 to val
Information: Assigned value 1 to val
Information: Assigned value 2 to val
Information: Assigned value 3 to val
Information: Assigned value 4 to val
Information: Assigned value 5 to val
Information: Assigned value 6 to val
Information: Assigned value 7 to val
Information: Assigned value 8 to val
Information: Assigned value 9 to val
Information: Assigned value 10 to val
Information: Assigned value 11 to val
Information: Assigned value 12 to val
Information: Assigned value 13 to val
Information: Assigned value 14 to val
Information: Assigned value 15 to val
Information: Assigned value 16 to val
Information: Assigned value 17 to val
Information: Assigned value 18 to val
Information: Assigned value 19 to val
Information: Assigned value 20 to val
Information: Assigned value 21 to val
Information: Assigned value 22 to val
Information: Assigned value 23 to val
Information: Assigned value 24 to val
Information: Assigned value 25 to val
Information: Assigned value 26 to val
Information: Assigned value 27 to val
Information: Assigned value 28 to val
Information: Assigned value 29 to val
Information: Assigned value 30 to val
Information: Assigned value 31 to val
Information: Assigned value 32 to val
Information: Assigned value 33 to val
Information: Assigned value 34 to val
Information: Assigned value 35 to val
Information: Assigned value 36 to val
Information: Assigned value 37 to val
Information: Assigned value 38 to val
Information: Assigned value 39 to val
Information: Assigned value 40 to val
Information: Assigned value 41 to val
Information: Assigned value 42 to val
Information: Assigned value 43 to val
Information: Assigned value 44 to val
Information: Assigned value 45 to val
Information: Assigned value 46 to val
Information: Assigned value 47 to val
Information: Assigned value 48 to val
Information: Assigned value 49 to val
Information: Assigned value 50 to val
Information: Assigned value 51 to val
Information: Assigned value 52 to val
Information: Assigned value 53 to val
Information: Assigned value 54 to val
Information: Assigned value 55 to val
Information: Assigned value 56 to val
Information: Assigned value 57 to val
Information: Assigned value 58 to val
Information: Assigned value 59 to val
Information: Assigned value 60 to val
Information: Assigned value 61 to val
Information: Assigned value 62 to val
Information: Assigned value 63 to val
Information: Assigned value 64 to val
Information: Assigned value 65 to val
Information: Assigned value 66 to val
Information: Assigned value 67 to val
Information: Assigned value 68 to val
Information: Assigned value 69 to val
Information: Assigned value 70 to val
Information: Assigned value 71 to val
Information: Assigned value 72 to val
Information: Assigned value 73 to val
Information: Assigned value 74 to val
Information: Assigned value 75 to val
Information: Assigned value 76 to val
Information: Assigned value 77 to val
Information: Assigned value 78 to val
Information: Assigned value 79 to val
Information: Assigned value 80 to val
Information: Assigned value 81 to val
Information: Assigned value 82 to val
Information: Assigned value 83 to val
Information: Assigned value 84 to val
Information: Assigned value 85 to val
Information: Assigned value 86 to val
Information: Assigned value 87 to val
Information: Assigned value 88 to val
Information: Assigned value 89 to val
Information: Assigned value 90 to val
Information: Assigned value 91 to val
Information: Assigned value 92 to val
Information: Assigned value 93 to val
Information: Assigned value 94 to val
Information: Assigned value 95 to val
Information: Assigned value 96 to val
Information: Assigned value 97 to val
Information: Assigned value 98 to val
Information: Assigned value 99 to val
Information: Assigned value 100 to val
Information: Assigned value 101 to val
Information: Assigned value 102 to val
Information: Assigned value 103 to val
Information: Assigned value 104 to val
Information: Assigned value 105 to val
Information: Assigned value 106 to val
Information: Assigned value 107 to val
Information: Assigned value 108 to val
Information: Assigned value 109 to val
Information: Assigned value 110 to val
Information: Assigned value 111 to val
Information: Assigned value 112 to val
Information: Assigned value 113 to val
Information: Assigned value 114 to val
Information: Assigned value 115 to val
Information: Assigned value 116 to val
Information: Assigned value 117 to val
Information: Assigned value 118 to val
Information: Assigned value 119 to val
Information: Assigned value 120 to val
Information: Assigned value 121 to val
Information: Assigned value 122 to val
Information: Assigned value 123 to val
Information: Assigned value 124 to val
Information: Assigned value 125 to val
Information: Assigned value 126 to val
Information: Assigned value 127 to val
Information: Assigned value 128 to val
Information: Assigned value 129 to val
Information: Assigned value 130 to val
Information: Assigned value 131 to val
Information: Assigned value 132 to val
Information: Assigned value 133 to val
Information: Assigned value 134 to val
Information: Assigned value 135 to val
Information: Assigned value 136 to val
Information: Assigned value 137 to val
Information: Assigned value 138 to val
Information: Assigned value 139 to val
Information: Assigned value 140 to val
Information: Assigned value 141 to val
Information: Assigned value 142 to val
Information: Assigned value 143 to val
Information: Assigned value 144 to val
Information: Assigned value 145 to val
Information: Assigned value 146 to val
Information: Assigned value 147 to val
Information: Assigned value 148 to val
Information: Assigned value 149 to val
Information: Assigned value 150 to val
Information: Assigned value 151 to val
Information: Assigned value 152 to val
Information: Assigned value 153 to val
Information: Assigned value 154 to val
Information: Assigned value 155 to val
Information: Assigned value 156 to val
Information: Assigned value 157 to val
Information: Assigned value 158 to val
Information: Assigned value 159 to val
Information: Assigned value 160 to val
Information: Assigned value 161 to val
Information: Assigned value 162 to val
Information: Assigned value 163 to val
Information: Assigned value 164 to val
Information: Assigned value 165 to val
Information: Assigned value 166 to val
Information: Assigned value 167 to val
Information: Assigned value 168 to val
Information: Assigned value 169 to val
Information: Assigned value 170 to val
Information: Assigned value 171 to val
Information: Assigned value 172 to val
Information: Assigned value 173 to val
Information: Assigned value 174 to val
Information: Assigned value 175 to val
Information: Assigned value 176 to val
Information: Assigned value 177 to val
Information: Assigned value 178 to val
Information: Assigned value 179 to val
Information: Assigned value 180 to val
Information: Assigned value 181 to val
Information: Assigned value 182 to val
Information: Assigned value 183 to val
Information: Assigned value 184 to val
Information: Assigned value 185 to val
Information: Assigned value 186 to val
Information: Assigned value 187 to val
Information: Assigned value 188 to val
Information: Assigned value 189 to val
Information: Assigned value 190 to val
Information: Assigned value 191 to val
Information: Assigned value 192 to val
Information: Assigned value 193 to val
Information: Assigned value 194 to val
Information: Assigned value 195 to val
Information: Assigned value 196 to val
Information: Assigned value 197 to val
Information: Assigned value 198 to val
Information: Assigned value 199 to val
Information: Assigned value 200 to val
Information: Assigned value 201 to val
Information: Assigned value 202 to val
Information: Assigned value 203 to val
Information: Assigned value 204 to val
Information: Assigned value 205 to val
Information: Assigned value 206 to val
Information: Assigned value 207 to val
Information: Assigned value 208 to val
Information: Assigned value 209 to val
Information: Assigned value 210 to val
Information: Assigned value 211 to val
Information: Assigned value 212 to val
Information: Assigned value 213 to val
Information: Assigned value 214 to val
Information: Assigned value 215 to val
Information: Assigned value 216 to val
Information: Assigned value 217 to val
Information: Assigned value 218 to val
Information: Assigned value 219 to val
Information: Assigned value 220 to val
Information: Assigned value 221 to val
Information: Assigned value 222 to val
Information: Assigned value 223 to val
Information: Assigned value 224 to val
Information: Assigned value 225 to val
Information: Assigned value 226 to val
Information: Assigned value 227 to val
Information: Assigned value 228 to val
Information: Assigned value 229 to val
Information: Assigned value 230 to val
Information: Assigned value 231 to val
Information: Assigned value 232 to val
Information: Assigned value 233 to val
Information: Assigned value 234 to val
Information: Assigned value 235 to val
Information: Assigned value 236 to val
Information: Assigned value 237 to val
Information: Assigned value 238 to val
Information: Assigned value 239 to val
Information: Assigned value 240 to val
Information: Assigned value 241 to val
Information: Assigned value 242 to val
Information: Assigned value 243 to val
Information: Assigned value 244 to val
Information: Assigned value 245 to val
Information: Assigned value 246 to val
Information: Assigned value 247 to val
Information: Assigned value 248 to val
Information: Assigned value 249 to val
Information: Assigned value 250 to val
Information: Assigned value 251 to val
Information: Assigned value 252 to val
Information: Assigned value 253 to val
Information: Assigned value 254 to val
Information: Assigned value 255 to val
Information: Assigned value 256 to val
Information: Assigned value 257 to val
Information: Assigned value 258 to val
Information: Assigned value 259 to val
Information: Assigned value 260 to val
Information: Assigned value 261 to val
Information: Assigned value 262 to val
Information: Assigned value 263 to val
Information: Assigned value 264 to val
Information: Assigned value 265 to val
Information: Assigned value 266 to val
Information: Assigned value 267 to val
Information: Assigned value 268 to val
Information: Assigned value 269 to val
Information: Assigned value 270 to val
Information: Assigned value 271 to val
Information: Assigned value 272 to val
Information: Assigned value 273 to val
Information: Assigned value 274 to val
Information: Assigned value 275 to val
Information: Assigned value 276 to val
Information: Assigned value 277 to val
Information: Assigned value 278 to val
Information: Assigned value 279 to val
Information: Assigned value 280 to val
Information: Assigned value 281 to val
Information: Assigned value 282 to val
Information: Assigned value 283 to val
Information: Assigned value 284 to val
Information: Assigned value 285 to val
Information: Assigned value 286 to val
Information: Assigned value 287 to val
Information: Assigned value 288 to val
Information: Assigned value 289 to val
Information: Assigned value 290 to val
Information: Assigned value 291 to val
Information: Assigned value 292 to val
Information: Assigned value 293 to val
Information: Assigned value 294 to val
Information: Assigned value 295 to val
Information: Assigned value 296 to val
Information: Assigned value 297 to val
Information: Assigned value 298 to val
Information: Assigned value 299 to val
Information: Assigned value 300 to val
Information: Assigned value 301 to val
Information: Assigned value 302 to val
Information: Assigned value 303 to val
Information: Assigned value 304 to val
Information: Assigned value 305 to val
Information: Assigned value 306 to val
Information: Assigned value 307 to val
Information: Assigned value 308 to val
Information: Assigned value 309 to val
Information: Assigned value 310 to val
Information: Assigned value 311 to val
Information: Assigned value 312 to val
Information: Assigned value 313 to val
Information: Assigned value 314 to val
Information: Assigned value 315 to val
Information: Assigned value 316 to val
Information: Assigned value 317 to val
Information: Assigned value 318 to val
Information: Assigned value 319 to val
Information: Assigned value 320 to val
Information: Assigned value 321 to val
Information: Assigned value 322 to val
Information: Assigned value 323 to val
Information: Assigned value 324 to val
Information: Assigned value 325 to val
Information: Assigned value 326 to val
Information: Assigned value 327 to val
Information: Assigned value 328 to val
Information: Assigned value 329 to val
Information: Assigned value 330 to val
Information: Assigned value 331 to val
Information: Assigned value 332 to val
Information: Assigned value 333 to val
Information: Assigned value 334 to val
Information: Assigned value 335 to val
Information: Assigned value 336 to val
Information: Assigned value 337 to val
Information: Assigned value 338 to val
Information: Assigned value 339 to val
Information: Assigned value 340 to val
Information: Assigned value 341 to val
Information: Assigned value 342 to val
Information: Assigned value 343 to val
Information: Assigned value 344 to val
Information: Assigned value 345 to val
Information: Assigned value 346 to val
Information: Assigned value 347 to val
Information: Assigned value 348 to val
Information: Assigned value 349 to val
Information: Assigned value 350 to val
Information: Assigned value 351 to val
Information: Assigned value 352 to val
Information: Assigned value 353 to val
Information: Assigned value 354 to val
Information: Assigned value 355 to val
Information: Assigned value 356 to val
Information: Assigned value 357 to val
Information: Assigned value 358 to val
Information: Assigned value 359 to val
Information: Assigned value 360 to val
Information: Assigned value 361 to val
Information: Assigned value 362 to val
Information: Assigned value 363 to val
Information: Assigned value 364 to val
Information: Assigned value 365 to val
Information: Assigned value 366 to val
Information: Assigned value 367 to val
Information: Assigned value 368 to val
Information: Assigned value 369 to val
Information: Assigned value 370 to val
Information: Assigned value 371 to val
Information: Assigned value 372 to val
Information: Assigned value 373 to val
Information: Assigned value 374 to val
Information: Assigned value 375 to val
Information: Assigned value 376 to val
Information: Assigned value 377 to val
Information: Assigned value 378 to val
Information: Assigned value 379 to val
Information: Assigned value 380 to val
Information: Assigned value 381 to val
Information: Assigned value 382 to val
Information: Assigned value 383 to val
Information: Assigned value 384 to val
Information: Assigned value 385 to val
Information: Assigned value 386 to val
Information: Assigned value 387 to val
Information: Assigned value 388 to val
Information: Assigned value 389 to val
Information: Assigned value 390 to val
Information: Assigned value 391 to val
Information: Assigned value 392 to val
Information: Assigned value 393 to val
Information: Assigned value 394 to val
Information: Assigned value 395 to val
Information: Assigned value 396 to val
Information: Assigned value 397 to val
Information: Assigned value 398 to val
Information: Assigned value 399 to val
Information: Assigned value 400 to val
Information: Assigned value 401 to val
Information: Assigned value 402 to val
Information: Assigned value 403 to val
Information: Assigned value 404 to val
Information: Assigned value 405 to val
Information: Assigned value 406 to val
Information: Assigned value 407 to val
Information: Assigned value 408 to val
Information: Assigned value 409 to val
Information: Assigned value 410 to val
Information: Assigned value 411 to val
Information: Assigned value 412 to val
Information: Assigned value 413 to val
Information: Assigned value 414 to val
Information: Assigned value 415 to val
Information: Assigned value 416 to val
Information: Assigned value 417 to val
Information: Assigned value 418 to val
Information: Assigned value 419 to val
Information: Assigned value 420 to val
Information: Assigned value 421 to val
Information: Assigned value 422 to val
Information: Assigned value 423 to val
Information: Assigned value 424 to val
Information: Assigned value 425 to val
Information: Assigned value 426 to val
Information: Assigned value 427 to val
Information: Assigned value 428 to val
Information: Assigned value 429 to val
Information: Assigned value 430 to val
Information: Assigned value 431 to val
Information: Assigned value 432 to val
Information: Assigned value 433 to val
Information: Assigned value 434 to val
Information: Assigned value 435 to val
Information: Assigned value 436 to val
Information: Assigned value 437 to val
Information: Assigned value 438 to val
Information: Assigned value 439 to val
Information: Assigned value 440 to val
Information: Assigned value 441 to val
Information: Assigned value 442 to val
Information: Assigned value 443 to val
Information: Assigned value 444 to val
Information: Assigned value 445 to val
Information: Assigned value 446 to val
Information: Assigned value 447 to val
Information: Assigned value 448 to val
Information: Assigned value 449 to val
Information: Assigned value 450 to val
Information: Assigned value 451 to val
Information: Assigned value 452 to val
Information: Assigned value 453 to val
Information: Assigned value 454 to val
Information: Assigned value 455 to val
Information: Assigned value 456 to val
Information: Assigned value 457 to val
Information: Assigned value 458 to val
Information: Assigned value 459 to val
Information: Assigned value 460 to val
Information: Assigned value 461 to val
Information: Assigned value 462 to val
Information: Assigned value 463 to val
Information: Assigned value 464 to val
Information: Assigned value 465 to val
Information: Assigned value 466 to val
Information: Assigned value 467 to val
Information: Assigned value 468 to val
Information: Assigned value 469 to val
Information: Assigned value 470 to val
Information: Assigned value 471 to val
Information: Assigned value 472 to val
Information: Assigned value 473 to val
Information: Assigned value 474 to val
Information: Assigned value 475 to val
Information: Assigned value 476 to val
Information: Assigned value 477 to val
Information: Assigned value 478 to val
Information: Assigned value 479 to val
Information: Assigned value 480 to val
Information: Assigned value 481 to val
Information: Assigned value 482 to val
Information: Assigned value 483 to val
Information: Assigned value 484 to val
Information: Assigned value 485 to val
Information: Assigned value 486 to val
Information: Assigned value 487 to val
Information: Assigned value 488 to val
Information: Assigned value 489 to val
Information: Assigned value 490 to val
Information: Assigned value 491 to val
Information: Assigned value 492 to val
Information: Assigned value 493 to val
Information: Assigned value 494 to val
Information: Assigned value 495 to val
Information: Assigned value 496 to val
Information: Assigned value 497 to val
Information: Assigned value 498 to val
Information: Assigned value 499 to val
Information: Assigned value 500 to val
Information: Assigned value 501 to val
Information: Assigned value 502 to val
Information: Assigned value 503 to val
Information: Assigned value 504 to val
Information: Assigned value 505 to val
Information: Assigned value 506 to val
Information: Assigned value 507 to val
Information: Assigned value 508 to val
Information: Assigned value 509 to val
Information: Assigned value 510 to val
Information: Assigned value 511 to val
Information: Assigned value 512 to val
Information: Assigned value 513 to val
Information: Assigned value 514 to val
Information: Assigned value 515 to val
Information: Assigned value 516 to val
Information: Assigned value 517 to val
Information: Assigned value 518 to val
Information: Assigned value 519 to val
Information: Assigned value 520 to val
Information: Assigned value 521 to val
Information: Assigned value 522 to val
Information: Assigned value 523 to val
Information: Assigned value 524 to val
Information: Assigned value 525 to val
Information: Assigned value 526 to val
Information: Assigned value 527 to val
Information: Assigned value 528 to val
Information: Assigned value 529 to val
Information: Assigned value 530 to val
Information: Assigned value 531 to val
Information: Assigned value 532 to val
Information: Assigned value 533 to val
Information: Assigned value 534 to val
Information: Assigned value 535 to val
Information: Assigned value 536 to val
Information: Assigned value 537 to val
Information: Assigned value 538 to val
Information: Assigned value 539 to val
Information: Assigned value 540 to val
Information: Assigned value 541 to val
Information: Assigned value 542 to val
Information: Assigned value 543 to val
Information: Assigned value 544 to val
Information: Assigned value 545 to val
Information: Assigned value 546 to val
Information: Assigned value 547 to val
Information: Assigned value 548 to val
Information: Assigned value 549 to val
Information: Assigned value 550 to val
Information: Assigned value 551 to val
Information: Assigned value 552 to val
Information: Assigned value 553 to val
Information: Assigned value 554 to val
Information: Assigned value 555 to val
Information: Assigned value 556 to val
Information: Assigned value 557 to val
Information: Assigned value 558 to val
Information: Assigned value 559 to val
Information: Assigned value 560 to val
Information: Assigned value 561 to val
Information: Assigned value 562 to val
Information: Assigned value 563 to val
Information: Assigned value 564 to val
Information: Assigned value 565 to val
Information: Assigned value 566 to val
Information: Assigned value 567 to val
Information: Assigned value 568 to val
Information: Assigned value 569 to val
Information: Assigned value 570 to val
Information: Assigned value 571 to val
Information: Assigned value 572 to val
Information: Assigned value 573 to val
Information: Assigned value 574 to val
Information: Assigned value 575 to val
Information: Assigned value 576 to val
Information: Assigned value 577 to val
Information: Assigned value 578 to val
Information: Assigned value 579 to val
Information: Assigned value 580 to val
Information: Assigned value 581 to val
Information: Assigned value 582 to val
Information: Assigned value 583 to val
Information: Assigned value 584 to val
Information: Assigned value 585 to val
Information: Assigned value 586 to val
Information: Assigned value 587 to val
Information: Assigned value 588 to val
Information: Assigned value 589 to val
Information: Assigned value 590 to val
Information: Assigned value 591 to val
Information: Assigned value 592 to val
Information: Assigned value 593 to val
Information: Assigned value 594 to val
Information: Assigned value 595 to val
Information: Assigned value 596 to val
Information: Assigned value 597 to val
Information: Assigned value 598 to val
Information: Assigned value 599 to val
Information: Assigned value 600 to val
Information: Assigned value 601 to val
Information: Assigned value 602 to val
Information: Assigned value 603 to val
Information: Assigned value 604 to val
Information: Assigned value 605 to val
Information: Assigned value 606 to val
Information: Assigned value 607 to val
Information: Assigned value 608 to val
Information: Assigned value 609 to val
Information: Assigned value 610 to val
Information: Assigned value 611 to val
Information: Assigned value 612 to val
Information: Assigned value 613 to val
Information: Assigned value 614 to val
Information: Assigned value 615 to val
Information: Assigned value 616 to val
Information: Assigned value 617 to val
Information: Assigned value 618 to val
Information: Assigned value 619 to val
Information: Assigned value 620 to val
Information: Assigned value 621 to val
Information: Assigned value 622 to val
Information: Assigned value 623 to val
Information: Assigned value 624 to val
Information: Assigned value 625 to val
Information: Assigned value 626 to val
Information: Assigned value 627 to val
Information: Assigned value 628 to val
Information: Assigned value 629 to val
Information: Assigned value 630 to val
Information: Assigned value 631 to val
Information: Assigned value 632 to val
Information: Assigned value 633 to val
Information: Assigned value 634 to val
Information: Assigned value 635 to val
Information: Assigned value 636 to val
Information: Assigned value 637 to val
Information: Assigned value 638 to val
Information: Assigned value 639 to val
Information: Assigned value 640 to val
Information: Assigned value 641 to val
Information: Assigned value 642 to val
Information: Assigned value 643 to val
Information: Assigned value 644 to val
Information: Assigned value 645 to val
Information: Assigned value 646 to val
Information: Assigned value 647 to val
Information: Assigned value 648 to val
Information: Assigned value 649 to val
Information: Assigned value 650 to val
Information: Assigned value 651 to val
Information: Assigned value 652 to val
Information: Assigned value 653 to val
Information: Assigned value 654 to val
Information: Assigned value 655 to val
Information: Assigned value 656 to val
Information: Assigned value 657 to val
Information: Assigned value 658 to val
Information: Assigned value 659 to val
Information: Assigned value 660 to val
Information: Assigned value 661 to val
Information: Assigned value 662 to val
Information: Assigned value 663 to val
Information: Assigned value 664 to val
Information: Assigned value 665 to val
Information: Assigned value 666 to val
Information: Assigned value 667 to val
Information: Assigned value 668 to val
Information: Assigned value 669 to val
Information: Assigned value 670 to val
Information: Assigned value 671 to val
Information: Assigned value 672 to val
Information: Assigned value 673 to val
Information: Assigned value 674 to val
Information: Assigned value 675 to val
Information: Assigned value 676 to val
Information: Assigned value 677 to val
Information: Assigned value 678 to val
Information: Assigned value 679 to val
Information: Assigned value 680 to val
Information: Assigned value 681 to val
Information: Assigned value 682 to val
Information: Assigned value 683 to val
Information: Assigned value 684 to val
Information: Assigned value 685 to val
Information: Assigned value 686 to val
Information: Assigned value 687 to val
Information: Assigned value 688 to val
Information: Assigned value 689 to val
Information: Assigned value 690 to val
Information: Assigned value 691 to val
Information: Assigned value 692 to val
Information: Assigned value 693 to val
Information: Assigned value 694 to val
Information: Assigned value 695 to val
Information: Assigned value 696 to val
Information: Assigned value 697 to val
Information: Assigned value 698 to val
Information: Assigned value 699 to val
Information: Assigned value 700 to val
Information: Assigned value 701 to val
Information: Assigned value 702 to val
Information: Assigned value 703 to val
Information: Assigned value 704 to val
Information: Assigned value 705 to val
Information: Assigned value 706 to val
Information: Assigned value 707 to val
Information: Assigned value 708 to val
Information: Assigned value 709 to val
Information: Assigned value 710 to val
Information: Assigned value 711 to val
Information: Assigned value 712 to val
Information: Assigned value 713 to val
Information: Assigned value 714 to val
Information: Assigned value 715 to val
Information: Assigned value 716 to val
Information: Assigned value 717 to val
Information: Assigned value 718 to val
Information: Assigned value 719 to val
Information: Assigned value 720 to val
Information: Assigned value 721 to val
Information: Assigned value 722 to val
Information: Assigned value 723 to val
Information: Assigned value 724 to val
Information: Assigned value 725 to val
Information: Assigned value 726 to val
Information: Assigned value 727 to val
Information: Assigned value 728 to val
Information: Assigned value 729 to val
Information: Assigned value 730 to val
Information: Assigned value 731 to val
Information: Assigned value 732 to val
Information: Assigned value 733 to val
Information: Assigned value 734 to val
Information: Assigned value 735 to val
Information: Assigned value 736 to val
Information: Assigned value 737 to val
Information: Assigned value 738 to val
Information: Assigned value 739 to val
Information: Assigned value 740 to val
Information: Assigned value 741 to val
Information: Assigned value 742 to val
Information: Assigned value 743 to val
Information: Assigned value 744 to val
Information: Assigned value 745 to val
Information: Assigned value 746 to val
Information: Assigned value 747 to val
Information: Assigned value 748 to val
Information: Assigned value 749 to val
Information: Assigned value 750 to val
Information: Assigned value 751 to val
Information: Assigned value 752 to val
Information: Assigned value 753 to val
Information: Assigned value 754 to val
Information: Assigned value 755 to val
Information: Assigned value 756 to val
Information: Assigned value 757 to val
Information: Assigned value 758 to val
Information: Assigned value 759 to val
Information: Assigned value 760 to val
Information: Assigned value 761 to val
Information: Assigned value 762 to val
Information: Assigned value 763 to val
Information: Assigned value 764 to val
Information: Assigned value 765 to val
Information: Assigned value 766 to val
Information: Assigned value 767 to val
Information: Assigned value 768 to val
Information: Assigned value 769 to val
Information: Assigned value 770 to val
Information: Assigned value 771 to val
Information: Assigned value 772 to val
Information: Assigned value 773 to val
Information: Assigned value 774 to val
Information: Assigned value 775 to val
Information: Assigned value 776 to val
Information: Assigned value 777 to val
Information: Assigned value 778 to val
Information: Assigned value 779 to val
Information: Assigned value 780 to val
Information: Assigned value 781 to val
Information: Assigned value 782 to val
Information: Assigned value 783 to val
Information: Assigned value 784 to val
Information: Assigned value 785 to val
Information: Assigned value 786 to val
Information: Assigned value 787 to val
Information: Assigned value 788 to val
Information: Assigned value 789 to val
Information: Assigned value 790 to val
Information: Assigned value 791 to val
Information: Assigned value 792 to val
Information: Assigned value 793 to val
Information: Assigned value 794 to val
Information: Assigned value 795 to val
Information: Assigned value 796 to val
Information: Assigned value 797 to val
Information: Assigned value 798 to val
Information: Assigned value 799 to val
Information: Assigned value 800 to val
Information: Assigned value 801 to val
Information: Assigned value 802 to val
Information: Assigned value 803 to val
Information: Assigned value 804 to val
Information: Assigned value 805 to val
Information: Assigned value 806 to val
Information: Assigned value 807 to val
Information: Assigned value 808 to val
Information: Assigned value 809 to val
Information: Assigned value 810 to val
Information: Assigned value 811 to val
Information: Assigned value 812 to val
Information: Assigned value 813 to val
Information: Assigned value 814 to val
Information: Assigned value 815 to val
Information: Assigned value 816 to val
Information: Assigned value 817 to val
Information: Assigned value 818 to val
Information: Assigned value 819 to val
Information: Assigned value 820 to val
Information: Assigned value 821 to val
Information: Assigned value 822 to val
Information: Assigned value 823 to val
Information: Assigned value 824 to val
Information: Assigned value 825 to val
Information: Assigned value 826 to val
Information: Assigned value 827 to val
Information: Assigned value 828 to val
Information: Assigned value 829 to val
Information: Assigned value 830 to val
Information: Assigned value 831 to val
Information: Assigned value 832 to val
Information: Assigned value 833 to val
Information: Assigned value 834 to val
Information: Assigned value 835 to val
Information: Assigned value 836 to val
Information: Assigned value 837 to val
Information: Assigned value 838 to val
Information: Assigned value 839 to val
Information: Assigned value 840 to val
Information: Assigned value 841 to val
Information: Assigned value 842 to val
Information: Assigned value 843 to val
Information: Assigned value 844 to val
Information: Assigned value 845 to val
Information: Assigned value 846 to val
Information: Assigned value 847 to val
Information: Assigned value 848 to val
Information: Assigned value 849 to val
Information: Assigned value 850 to val
Information: Assigned value 851 to val
Information: Assigned value 852 to val
Information: Assigned value 853 to val
Information: Assigned value 854 to val
Information: Assigned value 855 to val
Information: Assigned value 856 to val
Information: Assigned value 857 to val
Information: Assigned value 858 to val
Information: Assigned value 859 to val
Information: Assigned value 860 to val
Information: Assigned value 861 to val
Information: Assigned value 862 to val
Information: Assigned value 863 to val
Information: Assigned value 864 to val
Information: Assigned value 865 to val
Information: Assigned value 866 to val
Information: Assigned value 867 to val
Information: Assigned value 868 to val
Information: Assigned value 869 to val
Information: Assigned value 870 to val
Information: Assigned value 871 to val
Information: Assigned value 872 to val
Information: Assigned value 873 to val
Information: Assigned value 874 to val
Information: Assigned value 875 to val
Information: Assigned value 876 to val
Information: Assigned value 877 to val
Information: Assigned value 878 to val
Information: Assigned value 879 to val
Information: Assigned value 880 to val
Information: Assigned value 881 to val
Information: Assigned value 882 to val
Information: Assigned value 883 to val
Information: Assigned value 884 to val
Information: Assigned value 885 to val
Information: Assigned value 886 to val
Information: Assigned value 887 to val
Information: Assigned value 888 to val
Information: Assigned value 889 to val
Information: Assigned value 890 to val
Information: Assigned value 891 to val
Information: Assigned value 892 to val
Information: Assigned value 893 to val
Information: Assigned value 894 to val
Information: Assigned value 895 to val
Information: Assigned value 896 to val
Information: Assigned value 897 to val
Information: Assigned value 898 to val
Information: Assigned value 899 to val
Information: Assigned value 900 to val
Information: Assigned value 901 to val
Information: Assigned value 902 to val
Information: Assigned value 903 to val
Information: Assigned value 904 to val
Information: Assigned value 905 to val
Information: Assigned value 906 to val
Information: Assigned value 907 to val
Information: Assigned value 908 to val
Information: Assigned value 909 to val
Information: Assigned value 910 to val
Information: Assigned value 911 to val
Information: Assigned value 912 to val
Information: Assigned value 913 to val
Information: Assigned value 914 to val
Information: Assigned value 915 to val
Information: Assigned value 916 to val
Information: Assigned value 917 to val
Information: Assigned value 918 to val
Information: Assigned value 919 to val
Information: Assigned value 920 to val
Information: Assigned value 921 to val
Information: Assigned value 922 to val
Information: Assigned value 923 to val
Information: Assigned value 924 to val
Information: Assigned value 925 to val
Information: Assigned value 926 to val
Information: Assigned value 927 to val
Information: Assigned value 928 to val
Information: Assigned value 929 to val
Information: Assigned value 930 to val
Information: Assigned value 931 to val
Information: Assigned value 932 to val
Information: Assigned value 933 to val
Information: Assigned value 934 to val
Information: Assigned value 935 to val
Information: Assigned value 936 to val
Information: Assigned value 937 to val
Information: Assigned value 938 to val
Information: Assigned value 939 to val
Information: Assigned value 940 to val
Information: Assigned value 941 to val
Information: Assigned value 942 to val
Information: Assigned value 943 to val
Information: Assigned value 944 to val
Information: Assigned value 945 to val
Information: Assigned value 946 to val
Information: Assigned value 947 to val
Information: Assigned value 948 to val
Information: Assigned value 949 to val
Information: Assigned value 950 to val
Information: Assigned value 951 to val
Information: Assigned value 952 to val
Information: Assigned value 953 to val
Information: Assigned value 954 to val
Information: Assigned value 955 to val
Information: Assigned value 956 to val
Information: Assigned value 957 to val
Information: Assigned value 958 to val
Information: Assigned value 959 to val
Information: Assigned value 960 to val
Information: Assigned value 961 to val
Information: Assigned value 962 to val
Information: Assigned value 963 to val
Information: Assigned value 964 to val
Information: Assigned value 965 to val
Information: Assigned value 966 to val
Information: Assigned value 967 to val
Information: Assigned value 968 to val
Information: Assigned value 969 to val
Information: Assigned value 970 to val
Information: Assigned value 971 to val
Information: Assigned value 972 to val
Information: Assigned value 973 to val
Information: Assigned value 974 to val
Information: Assigned value 975 to val
Information: Assigned value 976 to val
Information: Assigned value 977 to val
Information: Assigned value 978 to val
Information: Assigned value 979 to val
Information: Assigned value 980 to val
Information: Assigned value 981 to val
Information: Assigned value 982 to val
Information: Assigned value 983 to val
Information: Assigned value 984 to val
Information: Assigned value 985 to val
Information: Assigned value 986 to val
Information: Assigned value 987 to val
Information: Assigned value 988 to val
Information: Assigned value 989 to val
Information: Assigned value 990 to val
Information: Assigned value 991 to val
Information: Assigned value 992 to val
Information: Assigned value 993 to val
Information: Assigned value 994 to val
Information: Assigned value 995 to val
Information: Assigned value 996 to val
Information: Assigned value 997 to val
Information: Assigned value 998 to val
Information: Assigned value 999 to val
Information: Assigned value 1000 to val
Information: Assigned value 1000 to v
Information: Assigned value 0 to val
Information: Assigned value 1 to val
Information: Assigned value 2 to val
Information: Assigned value 3 to val
Information: Assigned value 4 to val
Information: Assigned value 5 to val
Information: Assigned value 6 to val
Information: Assigned value 7 to val
Information: Assigned value 8 to val
Information: Assigned value 9 to val
Information: Assigned value 10 to val
Information: Assigned value 10 to v2
1000
Information: Removing test
Information: Exiting from MOST shell
